Nov 14 06:32:11 server sshd[12345]: Failed password for root from 192.168.1.100 port 22 ssh2
Nov 14 06:32:15 server sshd[12345]: Failed password for admin from 192.168.1.100 port 22 ssh2
Nov 14 06:32:20 server sshd[12345]: Accepted password for user1 from 10.0.0.5 port 22 ssh2
Nov 14 06:32:25 server sshd[12345]: Failed password for root from 10.0.0.9 port 22 ssh2
Nov 14 06:32:30 server sshd[12345]: Failed password for root from 192.168.1.100 port 22 ssh2
Nov 14 06:32:35 server sshd[12345]: Failed password for root from 192.168.1.100 port 22 ssh2
Nov 14 06:32:40 server sshd[12345]: Failed password for root from 192.168.1.100 port 22 ssh2